03:57:55 유니버스 수집
03:57:56 후보 60종목 일봉 수집(평일 평균 거래대금 순위용 + 켈트너용)
03:58:58 상위 25: SP500, XYZ100, CL, SKHX, BRENTOIL, SILVER, SNDK, MU, SPCX, META, NVDA, GOLD, SKHY, DRAM, CRCL, SMSN, INTC, SOXL, GOOGL, AMD, HOOD, TSLA, AAPL, SNDK, MSTR
03:59:56 1/25 SP500 완료 경과 121초
03:59:57 2/25 XYZ100 완료 경과 122초
03:59:57 3/25 CL 완료 경과 122초
03:59:58 4/25 SKHX 완료 경과 123초
03:59:58 5/25 BRENTOIL 완료 경과 123초
04:00:56 6/25 SILVER 완료 경과 181초
04:00:57 7/25 SNDK 완료 경과 182초
04:00:58 8/25 MU 완료 경과 183초
04:00:58 9/25 SPCX 완료 경과 183초
04:01:56 10/25 META 완료 경과 241초
04:01:57 11/25 NVDA 완료 경과 242초
04:01:58 12/25 GOLD 완료 경과 243초
04:01:59 13/25 SKHY 완료 경과 243초
04:01:59 14/25 DRAM 완료 경과 244초
04:02:56 15/25 CRCL 완료 경과 301초
04:02:58 16/25 SMSN 완료 경과 302초
04:02:59 17/25 INTC 완료 경과 303초
04:02:59 18/25 SOXL 완료 경과 304초
04:03:57 19/25 GOOGL 완료 경과 361초
04:03:58 20/25 AMD 완료 경과 362초
04:03:59 21/25 HOOD 완료 경과 363초
04:03:59 22/25 TSLA 완료 경과 364초
04:04:00 23/25 AAPL 완료 경과 364초
04:04:57 24/25 SNDK 완료 경과 422초
04:04:58 25/25 MSTR 완료 경과 423초
04:04:58 수집 끝 423초
